 
 1. Создайте текстоовый файл как в первом ДЗ по Terminal.

 2. Сценарий перенесите в этот файл.

 3. На против каждого действия - напишите команду в GitBash

 4. Создать файл “new.json” 
$ touch new.json

 5. Добавить файл под гит.
$ git add new.json 
$ git status
On branch master
No commits yet

 6. Закоммитить файл.
$ git commit -m new.json
[master (root-commit) 3cc6052] new.json
 1 file changed, 0 insertions(+), 0 deletions(-)
 create mode 100644 new.json

 7. Отправить файл на внешний GitHub репозиторий.
$ git push
Enumerating objects: 3, done.
Counting objects: 100% (3/3), done.
Writing objects: 100% (3/3), 212 bytes | 70.00 KiB/s, done.
Total 3 (delta 0), reused 0 (delta 0), pack-reused 0
To https://github.com/Aliaksei1976/Homework_05.10.2021.git
 * [new branch]      master -> master

$ git status
On branch master
Your branch is up to date with 'origin/master'.
nothing to commit, working tree clean


 8. Создать файлы new2.json, new2.xml, new2.txt
touch new2.json new2.xml new2.txt

 9. Добавить файлы под гит.
$ git add new2.json new2.xml new2.txt
$ git status
On branch master
Your branch is up to date with 'origin/master'.
Changes to be committed:
  (use "git restore --staged <file>..." to unstage)
        new file:   new2.json
        new file:   new2.txt
        new file:   new2.xml

 10. Закоммитить файлы.
$ git commit -am "commit_1"
[master dd687d9] commit_1
 3 files changed, 0 insertions(+), 0 deletions(-)
 create mode 100644 new2.json
 create mode 100644 new2.txt
 create mode 100644 new2.xml

 11. Отправить файлы на внешний GitHub репозиторий.
$ git push
Enumerating objects: 3, done.
Counting objects: 100% (3/3), done.
Delta compression using up to 2 threads
Compressing objects: 100% (2/2), done.
Writing objects: 100% (2/2), 249 bytes | 124.00 KiB/s, done.
Total 2 (delta 0), reused 0 (delta 0), pack-reused 0
To https://github.com/Aliaksei1976/Homework_05.10.2021.git
   3cc6052..dd687d9  master -> master

 12. Отредактировать содержание файла “new2.txt” - написать информацию о себе (ФИО, возраст, количество домашних животных, будущая желаемая зарплата).
$ vim new2.txt

 13. Отредактировать содержание файла “new2.json” - написать информацию о себе (ФИО, возраст, количество домашних животных, будущая желаемая зарплата).
 Всё написать в формате JSON.
$ vim new2.txt
{"name":"Иванов Иван Иванович"}
{"age":45}
{"cat":1}
{"wage":5000}

 14. Добавить и закоммитить “new2.txt” одной строчкой. 
$ git add . && git commit -am "new commit"

 15. Добавить и закоммитить “new2.json” одной строчкой. 
$ git add . && git commit -am "new commit"

 16. Отправить изменения на внешний репозиторий.
$ git push
Enumerating objects: 7, done.
Counting objects: 100% (6/6), done.
Delta compression using up to 2 threads
Compressing objects: 100% (4/4), done.
Writing objects: 100% (4/4), 508 bytes | 169.00 KiB/s, done.
Total 4 (delta 0), reused 0 (delta 0), pack-reused 0
To https://github.com/Aliaksei1976/Homework_05.10.2021.git
   dd687d9..439c2ae  master -> master

 17. Отредактировать содержание файла “new2.xml” - написать информацию о себе (ФИО, возраст, количество домашних животных, будущая желаемая зарплата). 
Всё написать в формате XML.
$ vim new2.txt
<?xml version="1.0" encoding="utf-8"?>
<root>
<NAME="Иванов Иван Иванович">
<AGE>45</AGE>
<CAT>1</CAT>
<WAGE>5000</WAGE>
</root>

 18. Добавить и закоммитить “new2.xml” одной строчкой.
$ git add . && git commit -am "commit_2"

 19. Отправить изменения на внешний репозиторий.
$ git push
Enumerating objects: 5, done.
Counting objects: 100% (5/5), done.
Delta compression using up to 2 threads
Compressing objects: 100% (3/3), done.
Writing objects: 100% (3/3), 367 bytes | 183.00 KiB/s, done.
Total 3 (delta 1), reused 0 (delta 0), pack-reused 0
remote: Resolving deltas: 100% (1/1), completed with 1 local object.
To https://github.com/Aliaksei1976/Homework_05.10.2021.git
   439c2ae..5fc42f0  master -> master


 20. Отправить предыдущее домашнее задание по GitBush Terminal на внешний репозиторий.
$ git add . && git commit -am "homework_1"
$ git push


 21. В веб интерфейсе GitHub создать файл new3.txt.
 22. Отредактировать в веб интерфейсе содержание файла “new3.txt” - написать информацию о своих предпочтениях (Любимый фильм, любимый сериал, любимая еда, 
любимое время года, сторона которую хотели бы посетить).
 23. Сделать Commit changes (сохранить) изменения на веб интерфейсе.

	В интерфейсе GitHub, в репозитории Aliaksei1976/Homework_05.10.2021 создаем файл new3.txt, сохранем Commit changes, редактируем данный файл, 
сохраняем изменения аналогичным образом Commit changes.


 24. Синхронизировать внешний и локальный репозитории (слить изменения с внешнего репозитория)
$ git fetch
remote: Enumerating objects: 7, done.
remote: Counting objects: 100% (7/7), done.
remote: Compressing objects: 100% (5/5), done.
remote: Total 6 (delta 2), reused 0 (delta 0), pack-reused 0
Unpacking objects: 100% (6/6), 1.45 KiB | 49.00 KiB/s, done.
From https://github.com/Aliaksei1976/Homework_05.10.2021
   ee0811a..aee02ee  master     -> origin/master
то есть,команда сообщает, что имеются изменения в удаленном репозитории

$ git status
On branch master
Your branch is behind 'origin/master' by 2 commits, and can be fast-forwarded.
  (use "git pull" to update your local branch)
nothing to commit, working tree clean
То есть, показывает информацию о том, что локальный реозиторий отличатся от удаленного на 2 коммита и может быть синхронизированы

$ git pull
Updating ee0811a..aee02ee
Fast-forward
 new3.txt | 5 +++++
 1 file changed, 5 insertions(+)
 create mode 100644 new3.txt
файлы синхронизированы на обоих репозиториях

 
25. Отредактировать в веб интерфейсе содержание файла “new2.json” - добавить информацию о своих предпочтениях (Любимый фильм, любимый сериал,
 любимая еда, любимое время года, сторона которую хотели бы посетить). Всё в формате JSON.
26. Сделать Commit changes (сохранить) изменения на веб интерфейсе.
{"film":"semnadcac mgnoveniy vesny"}
{"serial":"Rookie"}
{"eat":"papaya"}
{"vremia goda":"autum"}
{"country":"Portugal"}

 27. Синхронизировать внешний и локальный репозитории
$ git pull
Updating aee02ee..58b5a59
Fast-forward
 new2.json | 5 +++++
 1 file changed, 5 insertions(+)

 28. Отредактировать в веб интерфейсе содержание файла “new2.xml” - добавить информацию о своих 
предпочтениях (Любимый фильм, любимый сериал, любимая еда, любимое время года, сторона которую 
хотели бы посетить). Всё в формате XML.
 29. Сделать Commit changes (сохранить) изменения на веб интерфейсе.
<?xml version="1.0" encoding="utf-8"?>
<root>
<NAME="Иванов Иван Иванович">
<AGE>45</AGE>
<CAT>1</CAT>
<WAGE>5000</WAGE>
<Любимый фильм="Семнадцать мгновений весны">
<Любимый сериал="Rookie">
<Любимая еда="Papaya">
<Любимое время года="Autum">
<Страна которую хотели бы посетить="Portugal">
</root>

 30. Синхронизировать внешний и локальный репозитории 
$ git pull
Updating 58b5a59..834391c
Fast-forward
 new2.xml | 5 +++++
 1 file changed, 5 insertions(+)

Конец.