HomeWork_GitBranch_Алексей_11.10.2021

https://github.com/Aliaksei1976/HomeWork_2

1. На локальном репозитории сделать ветки для:
- Postman
- Jmeter
- CheckLists
- BagReports
- SQL
- Charles
- MobileTesting

user@DESKTOP-13IBQUV MINGW64 ~/GIT/HomeWork_2 (master)
touch 1.txt
git branch BagReports
git branch Charles
git branch CheckLists
git branch Jmeter
git branch MobileTesting
git branch Postman
git branch SQL


2. Запушить все ветки на внешний репозиторий
$ git push origin --all
Total 0 (delta 0), reused 0 (delta 0), pack-reused 0
To https://github.com/Aliaksei1976/HomeWork_2.git
 * [new branch]      BagReports -> BagReports
 * [new branch]      Charles -> Charles
 * [new branch]      CheckLists -> CheckLists
 * [new branch]      Jmeter -> Jmeter
 * [new branch]      MobileTesting -> MobileTesting
 * [new branch]      Postman -> Postman
 * [new branch]      SQL -> SQL


3. В ветке Bag Reports сделать текстовый документ со структурой баг репорта
$ git checkout BagReports
Switched to branch 'BagReports'

$ touch bag_report.txt
$ vim bag_report.txt
$ git add bag_report.txt
$ git commit -m bag_report.txt

$ git checkout -
Switched to branch 'master'
Your branch is up to date with 'origin/master'.

4. Запушить структуру багрепорта на внешний репозиторий
$ git push -u origin BagReports


5. Вмержить ветку Bag Reports в Main
$ git merge BagReports
Updating aa25a4c..08f92db
Fast-forward
 bag_report.txt | 72 ++++++++++++++++++++++++++++++++++++++++++++++++++++++++++
 1 file changed, 72 insertions(+)
 create mode 100644 bag_report.txt


6. Запушить main на внешний репозиторий.
$ git push
Total 0 (delta 0), reused 0 (delta 0), pack-reused 0
To https://github.com/Aliaksei1976/HomeWork_2.git
   aa25a4c..08f92db  master -> master


7. В ветке CheckLists набросать структуру чек листа.
$ git checkout CheckLists
Switched to branch 'CheckLists'

$ touch check_list.txt
$ git add check_list.txt
$ git commit -m check_list.txt

8. Запушить структуру на внешний репозиторий.
$ git push --set-upstream origin CheckLists

9. На внешнем репозитории сделать Pull Request ветки CheckLists в main
OK

10. Синхронизировать Внешнюю и Локальную ветки Main
$ git chekout master
$ git pull
remote: Enumerating objects: 4, done.
remote: Counting objects: 100% (4/4), done.
remote: Compressing objects: 100% (2/2), done.
remote: Total 2 (delta 0), reused 0 (delta 0), pack-reused 0
Unpacking objects: 100% (2/2), 749 bytes | 83.00 KiB/s, done.
From https://github.com/Aliaksei1976/HomeWork_2
   08f92db..c5e4142  master     -> origin/master
Updating 08f92db..c5e4142
Fast-forward
 check_list.txt | 33 +++++++++++++++++++++++++++++++++
 1 file changed, 33 insertions(+)
 create mode 100644 check_list.txt

$ git fetch

user@DESKTOP-13IBQUV MINGW64 ~/GIT/HomeWork_2 (master)
$ git status
On branch master
Your branch is up to date with 'origin/master'.

nothing to commit, working tree clean

